connected
SQL_CURSOR_COMMIT_BEHAVIOR: SQL_CB_PRESERVE
SQL_CURSOR_ROLLBACK_BEHAVIOR: SQL_CB_CLOSE

1.23456 1.23456 1.23456 1.23456 1.23456 1.23456 1.23456 1.23456 1.23456 1.23456 1.23456 1.23456 1.23456 1.23456 1.23456 1.23456 1.23456 1.23456 1.23456 1.23456 ... 1.23456 1.23456 1.23456 1.23456 
Fetched 3210 rows altogether

1.23456 1.23456 1.23456 1.23456 1.23456 1.23456 1.23456 1.23456 1.23456 1.23456 
Commit
1.23456 1.23456 1.23456 1.23456 1.23456 1.23456 1.23456 1.23456 1.23456 1.23456 ... 1.23456 1.23456 1.23456 1.23456 
Fetched 3210 rows altogether

1.23456 1.23456 1.23456 1.23456 1.23456 1.23456 1.23456 1.23456 1.23456 1.23456 
Rollback
SQLFetch failed with HY010 (which probably means that the cursor was closed at commit/rollback)
Fetched 10 rows altogether

disconnecting
