connected

===========ENCRYPT_NUMERIC_TEST_BASIC_DATA_START===============

SQLPrepare_TEST_START

INSERT_TEST
SELECT * FROM pre_enc_num
Result set:
1	24197857161011715162171839636988778104	24197857161011715162171839636988778104
2	12345678901234567890123456789012345678	12345678901234567890123456789012345678

SELECT (c1=c11)::text FROM pre_enc_num
Result set:
true
true

UPDATE_TEST
SELECT * FROM pre_enc_num
Result set:
1	24197857161011715162171839636988778104	24197857161011715162171839636988778104
2	25.212	25.212

SELECT (c1=c11)::text FROM pre_enc_num
Result set:
true
true

DELETE_TEST
SELECT * FROM pre_enc_num
Result set:
1	24197857161011715162171839636988778104	24197857161011715162171839636988778104

SELECT (c1=c11)::text FROM pre_enc_num
Result set:
true

SELECT_TEST
SELECT (c1=c11)::text FROM pre_enc_num
Result set:
true

SELECT * FROM pre_enc_num
Result set:
1	24197857161011715162171839636988778104	24197857161011715162171839636988778104

SELECT c1=c11 FROM pre_enc_num
Result set:
1

SELECT (c1=c11)::text,c1=c11 FROM pre_enc_num
Result set:
true	1

SELECT * FROM pre_num_tbl
Result set:
1	24197857161011715162171839636988778104

SELECT (e.c1=t.c1)::text FROM pre_enc_num e NATURAL JOIN pre_num_tbl t
Result set:
true

PREPARE_TEST_COMPLETE

----------------------------------------
DIRECT_TEST_START

INSERT_TEST
SELECT * FROM dir_enc_num
Result set:
1	24197857161011715162171839636988778104	24197857161011715162171839636988778104
2	12345678901234567890123456789012345678	12345678901234567890123456789012345678

SELECT (c1=c11)::text FROM dir_enc_num
Result set:
true
true

UPDATE_TEST
SELECT * FROM dir_enc_num
Result set:
1	24197857161011715162171839636988778104	24197857161011715162171839636988778104
2	25.212	25.212

SELECT (c1=c11)::text FROM dir_enc_num
Result set:
true
true

DELETE_TEST
SELECT * FROM dir_enc_num
Result set:
1	24197857161011715162171839636988778104	24197857161011715162171839636988778104

SELECT (c1=c11)::text FROM dir_enc_num
Result set:
true

SELECT_TEST
SELECT * FROM dir_enc_num
Result set:
1	24197857161011715162171839636988778104	24197857161011715162171839636988778104

SELECT * FROM dir_enc_num
Result set:
1	24197857161011715162171839636988778104	24197857161011715162171839636988778104

SELECT (c1=c11)::text FROM dir_enc_num
Result set:
true

SELECT * FROM dir_num_tbl
Result set:
1	24197857161011715162171839636988778104

SELECT (e.c1=t.c1)::text FROM dir_enc_num e NATURAL JOIN dir_num_tbl t
Result set:
true

SELECT (p.c1=d.c1)::text FROM dir_enc_num d NATURAL JOIN pre_enc_num p
Result set:
true

DIRECT_TEST_COMPLETE
----------------------------------------
disconnecting

===========ENCRYPT_NUMERIC_TEST_BASIC_DATA_END===============
