connected

===========ENCRYPT_INTEGER_TEST_BASIC_DATA_START===============

SQLPrepare_TEST_START

INSERT_TEST
SELECT * FROM pre_enc_num
Result set:
1	NULL	NULL
2	0	0
3	1	1
4	-9223372036854775808	-9223372036854775808
5	9223372036854775807	9223372036854775807
11	9223372036854775807	9223372036854775807
22	-9223372036854775808	-9223372036854775808

SELECT (c1=c11)::text FROM pre_enc_num
Result set:
NULL
true
true
true
true
true
true

UPDATE_TEST
SELECT * FROM pre_enc_num
Result set:
1	NULL	NULL
2	0	0
3	1	1
5	9223372036854775807	9223372036854775807
11	9223372036854775807	9223372036854775807
4	1111111	1111111
22	1111111	1111111

SELECT (c1=c11)::text FROM pre_enc_num
Result set:
NULL
true
true
true
true
true
true

DELETE_TEST
SELECT * FROM pre_enc_num
Result set:
1	NULL	NULL
2	0	0
3	1	1
5	9223372036854775807	9223372036854775807
11	9223372036854775807	9223372036854775807

SELECT (c1=c11)::text FROM pre_enc_num
Result set:
NULL
true
true
true
true

SELECT_TEST
SELECT (c1=c11)::text FROM pre_enc_num
Result set:
true
true

SELECT * FROM pre_enc_num
Result set:
1	NULL	NULL
2	0	0
3	1	1
5	9223372036854775807	9223372036854775807
11	9223372036854775807	9223372036854775807

SELECT c1=c11 FROM pre_enc_num
Result set:
NULL
1
1
1
1

SELECT (c1=c11)::text,c1=c11 FROM pre_enc_num
Result set:
NULL	NULL
true	1
true	1
true	1
true	1

SELECT * FROM pre_num_tbl
Result set:
1	NULL
2	0
3	1
5	9223372036854775807
11	9223372036854775807

SELECT (e.c1=t.c1)::text FROM pre_enc_num e NATURAL JOIN pre_num_tbl t
Result set:
true
true
true
true

PREPARE_TEST_COMPLETE

----------------------------------------
DIRECT_TEST_START

INSERT_TEST
SELECT * FROM dir_enc_num
Result set:
10	NULL	NULL
20	0	0
30	1	1
40	-9223372036854775808	-9223372036854775808
50	9223372036854775807	9223372036854775807

SELECT (c1=c11)::text FROM dir_enc_num
Result set:
NULL
true
true
true
true

UPDATE_TEST
SELECT * FROM dir_enc_num
Result set:
20	0	0
40	-9223372036854775808	-9223372036854775808
50	9223372036854775807	9223372036854775807
30	22222	22222
10	33333	33333

SELECT (c1=c11)::text FROM dir_enc_num
Result set:
true
true
true
true
true

SELECT * FROM dir_enc_num
Result set:
20	0	0
40	-9223372036854775808	-9223372036854775808
50	9223372036854775807	9223372036854775807
30	22222	22222
10	33333	33333
11111	NULL	NULL

DELETE_TEST
SELECT * FROM dir_enc_num
Result set:
20	0	0
40	-9223372036854775808	-9223372036854775808
50	9223372036854775807	9223372036854775807
30	22222	22222

SELECT (c1=c11)::text FROM dir_enc_num
Result set:
true
true
true
true

SELECT_TEST
SELECT * FROM dir_enc_num
Result set:
20	0	0
40	-9223372036854775808	-9223372036854775808
50	9223372036854775807	9223372036854775807
30	22222	22222

SELECT * FROM dir_enc_num
Result set:
20	0	0
40	-9223372036854775808	-9223372036854775808
50	9223372036854775807	9223372036854775807
30	22222	22222

SELECT (c1=c11)::text FROM dir_enc_num
Result set:
true
true
true
true

SELECT * FROM dir_num_tbl
Result set:
20	0
40	-9223372036854775808
50	9223372036854775807
30	22222

SELECT (e.c1=t.c1)::text FROM dir_enc_num e NATURAL JOIN dir_num_tbl t
Result set:
true
true
true
true

SELECT (p.c1=d.c1)::text FROM dir_enc_num d NATURAL JOIN pre_enc_num p
Result set:

DIRECT_TEST_COMPLETE
----------------------------------------
disconnecting

===========ENCRYPT_INTEGER_TEST: int8 as bigint ===============
connected

SQLPrepare_TEST_START

INSERT_TEST
SELECT * FROM pre_enc_num
Result set:
1	NULL	NULL
2	0	0
3	1	1
4	-9223372036854775808	-9223372036854775808
5	9223372036854775807	9223372036854775807
11	9223372036854775807	9223372036854775807
22	-9223372036854775808	-9223372036854775808

SELECT (c1=c11)::text FROM pre_enc_num
Result set:
NULL
true
true
true
true
true
true

UPDATE_TEST
SELECT * FROM pre_enc_num
Result set:
1	NULL	NULL
2	0	0
3	1	1
5	9223372036854775807	9223372036854775807
11	9223372036854775807	9223372036854775807
4	1111111	1111111
22	1111111	1111111

SELECT (c1=c11)::text FROM pre_enc_num
Result set:
NULL
true
true
true
true
true
true

DELETE_TEST
SELECT * FROM pre_enc_num
Result set:
1	NULL	NULL
2	0	0
3	1	1
5	9223372036854775807	9223372036854775807
11	9223372036854775807	9223372036854775807

SELECT (c1=c11)::text FROM pre_enc_num
Result set:
NULL
true
true
true
true

SELECT_TEST
SELECT (c1=c11)::text FROM pre_enc_num
Result set:
true
true

SELECT * FROM pre_enc_num
Result set:
1	NULL	NULL
2	0	0
3	1	1
5	9223372036854775807	9223372036854775807
11	9223372036854775807	9223372036854775807

SELECT c1=c11 FROM pre_enc_num
Result set:
NULL
1
1
1
1

SELECT (c1=c11)::text,c1=c11 FROM pre_enc_num
Result set:
NULL	NULL
true	1
true	1
true	1
true	1

SELECT * FROM pre_num_tbl
Result set:
1	NULL
2	0
3	1
5	9223372036854775807
11	9223372036854775807

SELECT (e.c1=t.c1)::text FROM pre_enc_num e NATURAL JOIN pre_num_tbl t
Result set:
true
true
true
true

PREPARE_TEST_COMPLETE

----------------------------------------
DIRECT_TEST_START

INSERT_TEST
SELECT * FROM dir_enc_num
Result set:
10	NULL	NULL
20	0	0
30	1	1
40	-9223372036854775808	-9223372036854775808
50	9223372036854775807	9223372036854775807

SELECT (c1=c11)::text FROM dir_enc_num
Result set:
NULL
true
true
true
true

UPDATE_TEST
SELECT * FROM dir_enc_num
Result set:
20	0	0
40	-9223372036854775808	-9223372036854775808
50	9223372036854775807	9223372036854775807
30	22222	22222
10	33333	33333

SELECT (c1=c11)::text FROM dir_enc_num
Result set:
true
true
true
true
true

SELECT * FROM dir_enc_num
Result set:
20	0	0
40	-9223372036854775808	-9223372036854775808
50	9223372036854775807	9223372036854775807
30	22222	22222
10	33333	33333
11111	NULL	NULL

DELETE_TEST
SELECT * FROM dir_enc_num
Result set:
20	0	0
40	-9223372036854775808	-9223372036854775808
50	9223372036854775807	9223372036854775807
30	22222	22222

SELECT (c1=c11)::text FROM dir_enc_num
Result set:
true
true
true
true

SELECT_TEST
SELECT * FROM dir_enc_num
Result set:
20	0	0
40	-9223372036854775808	-9223372036854775808
50	9223372036854775807	9223372036854775807
30	22222	22222

SELECT * FROM dir_enc_num
Result set:
20	0	0
40	-9223372036854775808	-9223372036854775808
50	9223372036854775807	9223372036854775807
30	22222	22222

SELECT (c1=c11)::text FROM dir_enc_num
Result set:
true
true
true
true

SELECT * FROM dir_num_tbl
Result set:
20	0
40	-9223372036854775808
50	9223372036854775807
30	22222

SELECT (e.c1=t.c1)::text FROM dir_enc_num e NATURAL JOIN dir_num_tbl t
Result set:
true
true
true
true

SELECT (p.c1=d.c1)::text FROM dir_enc_num d NATURAL JOIN pre_enc_num p
Result set:

DIRECT_TEST_COMPLETE
----------------------------------------
disconnecting

===========ENCRYPT_INTEGER_TEST: int8 as numeric ===============
connected

SQLPrepare_TEST_START

INSERT_TEST
SELECT * FROM pre_enc_num
Result set:
1	NULL	NULL
2	0	0
3	1	1
4	-9223372036854775808	-9223372036854775808
5	9223372036854775807	9223372036854775807
11	9223372036854775807	9223372036854775807
22	-9223372036854775808	-9223372036854775808

SELECT (c1=c11)::text FROM pre_enc_num
Result set:
NULL
true
true
true
true
true
true

UPDATE_TEST
SELECT * FROM pre_enc_num
Result set:
1	NULL	NULL
2	0	0
3	1	1
5	9223372036854775807	9223372036854775807
11	9223372036854775807	9223372036854775807
4	1111111	1111111
22	1111111	1111111

SELECT (c1=c11)::text FROM pre_enc_num
Result set:
NULL
true
true
true
true
true
true

DELETE_TEST
SELECT * FROM pre_enc_num
Result set:
1	NULL	NULL
2	0	0
3	1	1
5	9223372036854775807	9223372036854775807
11	9223372036854775807	9223372036854775807

SELECT (c1=c11)::text FROM pre_enc_num
Result set:
NULL
true
true
true
true

SELECT_TEST
SELECT (c1=c11)::text FROM pre_enc_num
Result set:
true
true

SELECT * FROM pre_enc_num
Result set:
1	NULL	NULL
2	0	0
3	1	1
5	9223372036854775807	9223372036854775807
11	9223372036854775807	9223372036854775807

SELECT c1=c11 FROM pre_enc_num
Result set:
NULL
1
1
1
1

SELECT (c1=c11)::text,c1=c11 FROM pre_enc_num
Result set:
NULL	NULL
true	1
true	1
true	1
true	1

SELECT * FROM pre_num_tbl
Result set:
1	NULL
2	0
3	1
5	9223372036854775807
11	9223372036854775807

SELECT (e.c1=t.c1)::text FROM pre_enc_num e NATURAL JOIN pre_num_tbl t
Result set:
true
true
true
true

PREPARE_TEST_COMPLETE

----------------------------------------
DIRECT_TEST_START

INSERT_TEST
SELECT * FROM dir_enc_num
Result set:
10	NULL	NULL
20	0	0
30	1	1
40	-9223372036854775808	-9223372036854775808
50	9223372036854775807	9223372036854775807

SELECT (c1=c11)::text FROM dir_enc_num
Result set:
NULL
true
true
true
true

UPDATE_TEST
SELECT * FROM dir_enc_num
Result set:
20	0	0
40	-9223372036854775808	-9223372036854775808
50	9223372036854775807	9223372036854775807
30	22222	22222
10	33333	33333

SELECT (c1=c11)::text FROM dir_enc_num
Result set:
true
true
true
true
true

SELECT * FROM dir_enc_num
Result set:
20	0	0
40	-9223372036854775808	-9223372036854775808
50	9223372036854775807	9223372036854775807
30	22222	22222
10	33333	33333
11111	NULL	NULL

DELETE_TEST
SELECT * FROM dir_enc_num
Result set:
20	0	0
40	-9223372036854775808	-9223372036854775808
50	9223372036854775807	9223372036854775807
30	22222	22222

SELECT (c1=c11)::text FROM dir_enc_num
Result set:
true
true
true
true

SELECT_TEST
SELECT * FROM dir_enc_num
Result set:
20	0	0
40	-9223372036854775808	-9223372036854775808
50	9223372036854775807	9223372036854775807
30	22222	22222

SELECT * FROM dir_enc_num
Result set:
20	0	0
40	-9223372036854775808	-9223372036854775808
50	9223372036854775807	9223372036854775807
30	22222	22222

SELECT (c1=c11)::text FROM dir_enc_num
Result set:
true
true
true
true

SELECT * FROM dir_num_tbl
Result set:
20	0
40	-9223372036854775808
50	9223372036854775807
30	22222

SELECT (e.c1=t.c1)::text FROM dir_enc_num e NATURAL JOIN dir_num_tbl t
Result set:
true
true
true
true

SELECT (p.c1=d.c1)::text FROM dir_enc_num d NATURAL JOIN pre_enc_num p
Result set:

DIRECT_TEST_COMPLETE
----------------------------------------
disconnecting

===========ENCRYPT_INTEGER_TEST: int8 as double ===============
connected

SQLPrepare_TEST_START

INSERT_TEST
SELECT * FROM pre_enc_num
Result set:
1	NULL	NULL
2	0	0
3	1	1
4	-9223372036854775808	-9223372036854775808
5	9223372036854775807	9223372036854775807
11	9223372036854775807	9223372036854775807
22	-9223372036854775808	-9223372036854775808

SELECT (c1=c11)::text FROM pre_enc_num
Result set:
NULL
true
true
true
true
true
true

UPDATE_TEST
SELECT * FROM pre_enc_num
Result set:
1	NULL	NULL
2	0	0
3	1	1
5	9223372036854775807	9223372036854775807
11	9223372036854775807	9223372036854775807
4	1111111	1111111
22	1111111	1111111

SELECT (c1=c11)::text FROM pre_enc_num
Result set:
NULL
true
true
true
true
true
true

DELETE_TEST
SELECT * FROM pre_enc_num
Result set:
1	NULL	NULL
2	0	0
3	1	1
5	9223372036854775807	9223372036854775807
11	9223372036854775807	9223372036854775807

SELECT (c1=c11)::text FROM pre_enc_num
Result set:
NULL
true
true
true
true

SELECT_TEST
SELECT (c1=c11)::text FROM pre_enc_num
Result set:
true
true

SELECT * FROM pre_enc_num
Result set:
1	NULL	NULL
2	0	0
3	1	1
5	9223372036854775807	9223372036854775807
11	9223372036854775807	9223372036854775807

SELECT c1=c11 FROM pre_enc_num
Result set:
NULL
1
1
1
1

SELECT (c1=c11)::text,c1=c11 FROM pre_enc_num
Result set:
NULL	NULL
true	1
true	1
true	1
true	1

SELECT * FROM pre_num_tbl
Result set:
1	NULL
2	0
3	1
5	9223372036854775807
11	9223372036854775807

SELECT (e.c1=t.c1)::text FROM pre_enc_num e NATURAL JOIN pre_num_tbl t
Result set:
true
true
true
true

PREPARE_TEST_COMPLETE

----------------------------------------
DIRECT_TEST_START

INSERT_TEST
SELECT * FROM dir_enc_num
Result set:
10	NULL	NULL
20	0	0
30	1	1
40	-9223372036854775808	-9223372036854775808
50	9223372036854775807	9223372036854775807

SELECT (c1=c11)::text FROM dir_enc_num
Result set:
NULL
true
true
true
true

UPDATE_TEST
SELECT * FROM dir_enc_num
Result set:
20	0	0
40	-9223372036854775808	-9223372036854775808
50	9223372036854775807	9223372036854775807
30	22222	22222
10	33333	33333

SELECT (c1=c11)::text FROM dir_enc_num
Result set:
true
true
true
true
true

SELECT * FROM dir_enc_num
Result set:
20	0	0
40	-9223372036854775808	-9223372036854775808
50	9223372036854775807	9223372036854775807
30	22222	22222
10	33333	33333
11111	NULL	NULL

DELETE_TEST
SELECT * FROM dir_enc_num
Result set:
20	0	0
40	-9223372036854775808	-9223372036854775808
50	9223372036854775807	9223372036854775807
30	22222	22222

SELECT (c1=c11)::text FROM dir_enc_num
Result set:
true
true
true
true

SELECT_TEST
SELECT * FROM dir_enc_num
Result set:
20	0	0
40	-9223372036854775808	-9223372036854775808
50	9223372036854775807	9223372036854775807
30	22222	22222

SELECT * FROM dir_enc_num
Result set:
20	0	0
40	-9223372036854775808	-9223372036854775808
50	9223372036854775807	9223372036854775807
30	22222	22222

SELECT (c1=c11)::text FROM dir_enc_num
Result set:
true
true
true
true

SELECT * FROM dir_num_tbl
Result set:
20	0
40	-9223372036854775808
50	9223372036854775807
30	22222

SELECT (e.c1=t.c1)::text FROM dir_enc_num e NATURAL JOIN dir_num_tbl t
Result set:
true
true
true
true

SELECT (p.c1=d.c1)::text FROM dir_enc_num d NATURAL JOIN pre_enc_num p
Result set:

DIRECT_TEST_COMPLETE
----------------------------------------
disconnecting

===========ENCRYPT_INTEGER_TEST: int8 as varchar ===============
connected

SQLPrepare_TEST_START

INSERT_TEST
SELECT * FROM pre_enc_num
Result set:
1	NULL	NULL
2	0	0
3	1	1
4	-9223372036854775808	-9223372036854775808
5	9223372036854775807	9223372036854775807
11	9223372036854775807	9223372036854775807
22	-9223372036854775808	-9223372036854775808

SELECT (c1=c11)::text FROM pre_enc_num
Result set:
NULL
true
true
true
true
true
true

UPDATE_TEST
SELECT * FROM pre_enc_num
Result set:
1	NULL	NULL
2	0	0
3	1	1
5	9223372036854775807	9223372036854775807
11	9223372036854775807	9223372036854775807
4	1111111	1111111
22	1111111	1111111

SELECT (c1=c11)::text FROM pre_enc_num
Result set:
NULL
true
true
true
true
true
true

DELETE_TEST
SELECT * FROM pre_enc_num
Result set:
1	NULL	NULL
2	0	0
3	1	1
5	9223372036854775807	9223372036854775807
11	9223372036854775807	9223372036854775807

SELECT (c1=c11)::text FROM pre_enc_num
Result set:
NULL
true
true
true
true

SELECT_TEST
SELECT (c1=c11)::text FROM pre_enc_num
Result set:
true
true

SELECT * FROM pre_enc_num
Result set:
1	NULL	NULL
2	0	0
3	1	1
5	9223372036854775807	9223372036854775807
11	9223372036854775807	9223372036854775807

SELECT c1=c11 FROM pre_enc_num
Result set:
NULL
1
1
1
1

SELECT (c1=c11)::text,c1=c11 FROM pre_enc_num
Result set:
NULL	NULL
true	1
true	1
true	1
true	1

SELECT * FROM pre_num_tbl
Result set:
1	NULL
2	0
3	1
5	9223372036854775807
11	9223372036854775807

SELECT (e.c1=t.c1)::text FROM pre_enc_num e NATURAL JOIN pre_num_tbl t
Result set:
true
true
true
true

PREPARE_TEST_COMPLETE

----------------------------------------
DIRECT_TEST_START

INSERT_TEST
SELECT * FROM dir_enc_num
Result set:
10	NULL	NULL
20	0	0
30	1	1
40	-9223372036854775808	-9223372036854775808
50	9223372036854775807	9223372036854775807

SELECT (c1=c11)::text FROM dir_enc_num
Result set:
NULL
true
true
true
true

UPDATE_TEST
SELECT * FROM dir_enc_num
Result set:
20	0	0
40	-9223372036854775808	-9223372036854775808
50	9223372036854775807	9223372036854775807
30	22222	22222
10	33333	33333

SELECT (c1=c11)::text FROM dir_enc_num
Result set:
true
true
true
true
true

SELECT * FROM dir_enc_num
Result set:
20	0	0
40	-9223372036854775808	-9223372036854775808
50	9223372036854775807	9223372036854775807
30	22222	22222
10	33333	33333
11111	NULL	NULL

DELETE_TEST
SELECT * FROM dir_enc_num
Result set:
20	0	0
40	-9223372036854775808	-9223372036854775808
50	9223372036854775807	9223372036854775807
30	22222	22222

SELECT (c1=c11)::text FROM dir_enc_num
Result set:
true
true
true
true

SELECT_TEST
SELECT * FROM dir_enc_num
Result set:
20	0	0
40	-9223372036854775808	-9223372036854775808
50	9223372036854775807	9223372036854775807
30	22222	22222

SELECT * FROM dir_enc_num
Result set:
20	0	0
40	-9223372036854775808	-9223372036854775808
50	9223372036854775807	9223372036854775807
30	22222	22222

SELECT (c1=c11)::text FROM dir_enc_num
Result set:
true
true
true
true

SELECT * FROM dir_num_tbl
Result set:
20	0
40	-9223372036854775808
50	9223372036854775807
30	22222

SELECT (e.c1=t.c1)::text FROM dir_enc_num e NATURAL JOIN dir_num_tbl t
Result set:
true
true
true
true

SELECT (p.c1=d.c1)::text FROM dir_enc_num d NATURAL JOIN pre_enc_num p
Result set:

DIRECT_TEST_COMPLETE
----------------------------------------
disconnecting
