connected

===========ENCRYPT_NUMERIC_TEST_NULL_DATA_START===============

SQLPrepare_TEST_START

INSERT_TEST
SELECT * FROM pre_enc_num
Result set:

SELECT (c1=c11)::text FROM pre_enc_num
Result set:

UPDATE_TEST
SELECT * FROM pre_enc_num
Result set:

SELECT (c1=c11)::text FROM pre_enc_num
Result set:

DELETE_TEST
SELECT * FROM pre_enc_num
Result set:

SELECT (c1=c11)::text FROM pre_enc_num
Result set:

SELECT_TEST
SELECT * FROM pre_enc_num
Result set:

SELECT c1=c11 FROM pre_enc_num
Result set:

SELECT (c1=c11)::text,c1=c11 FROM pre_enc_num
Result set:

SELECT * FROM pre_num_tbl
Result set:

SELECT (e.c1=t.c1)::text FROM pre_enc_num e NATURAL JOIN pre_num_tbl t
Result set:

PREPARE_TEST_COMPLETE

----------------------------------------
DIRECT_TEST_START

INSERT_TEST
SELECT * FROM dir_enc_num
Result set:
0	24197857161011715162171839636988778104	24197857161011715162171839636988778104
1	NULL	NULL
2	NULL	NULL

SELECT (c1=c11)::text FROM dir_enc_num
Result set:
true
NULL
NULL

UPDATE_TEST
SELECT * FROM dir_enc_num
Result set:
0	24197857161011715162171839636988778104	24197857161011715162171839636988778104
1	NULL	NULL
2	24197857161011715162171839636988778104	24197857161011715162171839636988778104

SELECT (c1=c11)::text FROM dir_enc_num
Result set:
true
NULL
true

SELECT * FROM dir_enc_num
Result set:
0	24197857161011715162171839636988778104	24197857161011715162171839636988778104
1	NULL	NULL
2	NULL	NULL

SELECT (c1=c11)::text FROM dir_enc_num
Result set:
true
NULL
NULL

SELECT * FROM dir_enc_num
Result set:
0	24197857161011715162171839636988778104	24197857161011715162171839636988778104
1	NULL	NULL
2	NULL	NULL

SELECT (c1=c11)::text FROM dir_enc_num
Result set:
true
NULL
NULL

DELETE_TEST
SELECT * FROM dir_enc_num
Result set:
0	24197857161011715162171839636988778104	24197857161011715162171839636988778104
1	NULL	NULL

SELECT (c1=c11)::text FROM dir_enc_num
Result set:
true
NULL

SELECT_TEST
SELECT * FROM dir_enc_num WHERE c1 IS NULL and id = 1
Result set:
1	NULL	NULL

SELECT * FROM dir_enc_num
Result set:
0	24197857161011715162171839636988778104	24197857161011715162171839636988778104
1	NULL	NULL

SELECT (c1=c11)::text FROM dir_enc_num
Result set:
true
NULL

SELECT * FROM dir_num_tbl
Result set:
0	24197857161011715162171839636988778104
1	NULL

SELECT (e.c1=t.c1)::text FROM dir_enc_num e NATURAL JOIN dir_num_tbl t
Result set:
true

SELECT (p.c1=d.c1)::text FROM dir_enc_num d NATURAL JOIN pre_enc_num p
Result set:

DIRECT_TEST_COMPLETE
----------------------------------------
disconnecting

===========ENCRYPT_NUMERIC_TEST_NULL_DATA_END===============
