connected

===========ENCRYPT_TIMESTAMP_TEST_BASIC_DATA_START===============

SQLPrepare_TEST_START

INSERT_TEST
SELECT * FROM pre_enc_timestamp
Result set:
1	2017-07-07 05:50:30	2017-07-07 05:50:30
1	2017-07-08 05:50:30	2017-07-08 05:50:30
1	2017-07-09 05:50:30	2017-07-09 05:50:30
1	2017-07-10 05:50:30	2017-07-10 05:50:30
1	2017-07-11 05:50:30	2017-07-11 05:50:30

SELECT (c1=c11)::text FROM pre_enc_timestamp
Result set:
true
true
true
true
true

UPDATE_TEST
SELECT * FROM pre_enc_timestamp
Result set:
1	2017-07-07 05:50:30	2017-07-07 05:50:30
1	2017-07-08 05:50:30	2017-07-08 05:50:30
1	2017-07-09 05:50:30	2017-07-09 05:50:30
1	2017-07-10 05:50:30	2017-07-10 05:50:30
1	2017-07-12 05:50:30	2017-07-12 05:50:30

SELECT (c1=c11)::text FROM pre_enc_timestamp
Result set:
true
true
true
true
true

DELETE_TEST
SELECT * FROM pre_enc_timestamp
Result set:
1	2017-07-07 05:50:30	2017-07-07 05:50:30
1	2017-07-08 05:50:30	2017-07-08 05:50:30
1	2017-07-09 05:50:30	2017-07-09 05:50:30
1	2017-07-10 05:50:30	2017-07-10 05:50:30

SELECT (c1=c11)::text FROM pre_enc_timestamp
Result set:
true
true
true
true

SELECT_TEST
SELECT (c1=c11)::text FROM pre_enc_timestamp
Result set:
true

SELECT * FROM pre_enc_timestamp
Result set:
1	2017-07-07 05:50:30	2017-07-07 05:50:30
1	2017-07-08 05:50:30	2017-07-08 05:50:30
1	2017-07-09 05:50:30	2017-07-09 05:50:30
1	2017-07-10 05:50:30	2017-07-10 05:50:30

SELECT (c1=c11)::text FROM pre_enc_timestamp
Result set:
true
true
true
true

SELECT (c1=c11)::text,c1=c11 FROM pre_enc_timestamp
Result set:
true	1
true	1
true	1
true	1

SELECT * FROM pre_timestamp_tbl
Result set:
1	2017-07-07 05:50:30
1	2017-07-08 05:50:30
1	2017-07-09 05:50:30
1	2017-07-10 05:50:30

SELECT (e.c1=t.c1)::text FROM pre_enc_timestamp e NATURAL JOIN pre_timestamp_tbl t
Result set:
true
true
true
true

PREPARE_TEST_COMPLETE

----------------------------------------
DIRECT_TEST_START

INSERT_TEST
SELECT * FROM dir_enc_timestamp
Result set:
1	2017-07-07 05:50:30	2017-07-07 05:50:30
1	2017-07-08 05:50:30	2017-07-08 05:50:30

SELECT (c1=c11)::text FROM dir_enc_timestamp
Result set:
true
true

UPDATE_TEST
SELECT * FROM dir_enc_timestamp
Result set:
1	2017-07-07 05:50:30	2017-07-07 05:50:30
1	2017-07-12 05:50:30	2017-07-12 05:50:30

SELECT (c1=c11)::text FROM dir_enc_timestamp
Result set:
true
true

DELETE_TEST
SELECT * FROM dir_enc_timestamp
Result set:
1	2017-07-07 05:50:30	2017-07-07 05:50:30

SELECT (c1=c11)::text FROM dir_enc_timestamp
Result set:
true

SELECT_TEST

SELECT * FROM dir_enc_timestamp
Result set:
1	2017-07-07 05:50:30	2017-07-07 05:50:30

SELECT * FROM dir_enc_timestamp
Result set:
1	2017-07-07 05:50:30	2017-07-07 05:50:30

SELECT (c1=c11)::text FROM dir_enc_timestamp
Result set:
true

SELECT * FROM dir_timestamp_tbl
Result set:
1	2017-07-07 05:50:30

SELECT (e.c1=t.c1)::text FROM dir_enc_timestamp e NATURAL JOIN dir_timestamp_tbl t
Result set:
true

SELECT (p.c1=d.c1)::text FROM dir_enc_timestamp d NATURAL JOIN pre_enc_timestamp p
Result set:
true

DIRECT_TEST_COMPLETE
----------------------------------------
disconnecting

===========ENCRYPT_TIMESTAMP_TEST_BASIC_DATA_END===============
