connected
SQL_CURSOR_COMMIT_BEHAVIOR: SQL_CB_PRESERVE
SQL_CURSOR_ROLLBACK_BEHAVIOR: SQL_CB_CLOSE

2017-08-08 09:40:04.595218 2017-08-08 09:40:04.595218 2017-08-08 09:40:04.595218 2017-08-08 09:40:04.595218 2017-08-08 09:40:04.595218 2017-08-08 09:40:04.595218 2017-08-08 09:40:04.595218 2017-08-08 09:40:04.595218 2017-08-08 09:40:04.595218 2017-08-08 09:40:04.595218 2017-08-08 09:40:04.595218 2017-08-08 09:40:04.595218 2017-08-08 09:40:04.595218 2017-08-08 09:40:04.595218 2017-08-08 09:40:04.595218 2017-08-08 09:40:04.595218 2017-08-08 09:40:04.595218 2017-08-08 09:40:04.595218 2017-08-08 09:40:04.595218 2017-08-08 09:40:04.595218 ... 2017-08-08 09:40:04.595218 2017-08-08 09:40:04.595218 2017-08-08 09:40:04.595218 2017-08-08 09:40:04.595218 
Fetched 3210 rows altogether

2017-08-08 09:40:04.595218 2017-08-08 09:40:04.595218 2017-08-08 09:40:04.595218 2017-08-08 09:40:04.595218 2017-08-08 09:40:04.595218 2017-08-08 09:40:04.595218 2017-08-08 09:40:04.595218 2017-08-08 09:40:04.595218 2017-08-08 09:40:04.595218 2017-08-08 09:40:04.595218 
Commit
2017-08-08 09:40:04.595218 2017-08-08 09:40:04.595218 2017-08-08 09:40:04.595218 2017-08-08 09:40:04.595218 2017-08-08 09:40:04.595218 2017-08-08 09:40:04.595218 2017-08-08 09:40:04.595218 2017-08-08 09:40:04.595218 2017-08-08 09:40:04.595218 2017-08-08 09:40:04.595218 ... 2017-08-08 09:40:04.595218 2017-08-08 09:40:04.595218 2017-08-08 09:40:04.595218 2017-08-08 09:40:04.595218 
Fetched 3210 rows altogether

2017-08-08 09:40:04.595218 2017-08-08 09:40:04.595218 2017-08-08 09:40:04.595218 2017-08-08 09:40:04.595218 2017-08-08 09:40:04.595218 2017-08-08 09:40:04.595218 2017-08-08 09:40:04.595218 2017-08-08 09:40:04.595218 2017-08-08 09:40:04.595218 2017-08-08 09:40:04.595218 
Rollback
SQLFetch failed with HY010 (which probably means that the cursor was closed at commit/rollback)
Fetched 10 rows altogether

disconnecting
