connected
SQL_CURSOR_COMMIT_BEHAVIOR: SQL_CB_PRESERVE
SQL_CURSOR_ROLLBACK_BEHAVIOR: SQL_CB_CLOSE

fetched: 666f6f, 666f6f, foo1, foo1, 11111.11111, 11111.11111, 2017-08-09 11:26:52.326167, 2017-08-09 11:26:52.326167
fetched: 666f6f, 666f6f, foo2, foo2, 11111.11111, 11111.11111, 2017-08-09 11:26:52.326167, 2017-08-09 11:26:52.326167
fetched: 666f6f, 666f6f, foo3, foo3, 11111.11111, 11111.11111, 2017-08-09 11:26:52.326167, 2017-08-09 11:26:52.326167
fetched: 666f6f, 666f6f, foo4, foo4, 11111.11111, 11111.11111, 2017-08-09 11:26:52.326167, 2017-08-09 11:26:52.326167
fetched: 666f6f, 666f6f, foo5, foo5, 11111.11111, 11111.11111, 2017-08-09 11:26:52.326167, 2017-08-09 11:26:52.326167
fetched: 666f6f, 666f6f, foo6, foo6, 11111.11111, 11111.11111, 2017-08-09 11:26:52.326167, 2017-08-09 11:26:52.326167
fetched: 666f6f, 666f6f, foo7, foo7, 11111.11111, 11111.11111, 2017-08-09 11:26:52.326167, 2017-08-09 11:26:52.326167
fetched: 666f6f, 666f6f, foo8, foo8, 11111.11111, 11111.11111, 2017-08-09 11:26:52.326167, 2017-08-09 11:26:52.326167
fetched: 666f6f, 666f6f, foo9, foo9, 11111.11111, 11111.11111, 2017-08-09 11:26:52.326167, 2017-08-09 11:26:52.326167
fetched: 666f6f, 666f6f, foo10, foo10, 11111.11111, 11111.11111, 2017-08-09 11:26:52.326167, 2017-08-09 11:26:52.326167
Testing SQL_FETCH_NEXT...
fetched: 666f6f, 666f6f, foo11, foo11, 11111.11111, 11111.11111, 2017-08-09 11:26:52.326167, 2017-08-09 11:26:52.326167
fetched: 666f6f, 666f6f, foo12, foo12, 11111.11111, 11111.11111, 2017-08-09 11:26:52.326167, 2017-08-09 11:26:52.326167
Testing SQL_FETCH_PRIOR...
fetched: 666f6f, 666f6f, foo11, foo11, 11111.11111, 11111.11111, 2017-08-09 11:26:52.326167, 2017-08-09 11:26:52.326167
Testing SQL_FETCH_ABSOLUTE (5)...
fetched: 666f6f, 666f6f, foo5, foo5, 11111.11111, 11111.11111, 2017-08-09 11:26:52.326167, 2017-08-09 11:26:52.326167
Testing SQL_FETCH_RELATIVE (+2)...
fetched: 666f6f, 666f6f, foo7, foo7, 11111.11111, 11111.11111, 2017-08-09 11:26:52.326167, 2017-08-09 11:26:52.326167
Testing SQL_FETCH_RELATIVE (-2)...
fetched: 666f6f, 666f6f, foo5, foo5, 11111.11111, 11111.11111, 2017-08-09 11:26:52.326167, 2017-08-09 11:26:52.326167
Testing SQL_FETCH_RELATIVE (+1)...
fetched: 666f6f, 666f6f, foo6, foo6, 11111.11111, 11111.11111, 2017-08-09 11:26:52.326167, 2017-08-09 11:26:52.326167
Testing SQL_FETCH_RELATIVE (0, no movement)...
fetched: 666f6f, 666f6f, foo6, foo6, 11111.11111, 11111.11111, 2017-08-09 11:26:52.326167, 2017-08-09 11:26:52.326167
Testing SQL_FETCH_FIRST...
fetched: 666f6f, 666f6f, foo1, foo1, 11111.11111, 11111.11111, 2017-08-09 11:26:52.326167, 2017-08-09 11:26:52.326167
Testing SQL_FETCH_PRIOR before first row...
Fetch: no data found
Fetch: no data found
Testing SQL_FETCH_NEXT...
fetched: 666f6f, 666f6f, foo1, foo1, 11111.11111, 11111.11111, 2017-08-09 11:26:52.326167, 2017-08-09 11:26:52.326167
Testing SQL_FETCH_LAST...
fetched: 666f6f, 666f6f, foo3210, foo3210, 11111.11111, 11111.11111, 2017-08-09 11:26:52.326167, 2017-08-09 11:26:52.326167
Testing SQL_FETCH_LAST...
fetched: 666f6f, 666f6f, foo3210, foo3210, 11111.11111, 11111.11111, 2017-08-09 11:26:52.326167, 2017-08-09 11:26:52.326167
Testing SQL_FETCH_NEXT at the end of result set
Fetch: no data found
Testing SQL_FETCH_NEXT at the end of result set
Fetch: no data found
And SQL_FETCH_PRIOR...
fetched: 666f6f, 666f6f, foo3210, foo3210, 11111.11111, 11111.11111, 2017-08-09 11:26:52.326167, 2017-08-09 11:26:52.326167
Testing SQL_FETCH_RELATIVE (+10)...
Fetch: no data found
And SQL_FETCH_PRIOR...
fetched: 666f6f, 666f6f, foo3210, foo3210, 11111.11111, 11111.11111, 2017-08-09 11:26:52.326167, 2017-08-09 11:26:52.326167
Testing negative SQL_FETCH_ABSOLUTE (-5)...
fetched: 666f6f, 666f6f, foo3206, foo3206, 11111.11111, 11111.11111, 2017-08-09 11:26:52.326167, 2017-08-09 11:26:52.326167
Testing negative SQL_FETCH_ABSOLUTE, before start...
got SUCCESS_WITH_INFO
01S06=fetch absolute and before the beginning
fetched: 666f6f, 666f6f, foo1, foo1, 11111.11111, 11111.11111, 2017-08-09 11:26:52.326167, 2017-08-09 11:26:52.326167
Testing  SQL_FETCH_ABSOLUTE, beoynd end...
Fetch: no data found
disconnecting
