connected

===========ENCRYPT_BYTEA_TEST_TOAST_DATA_START===============

SQLPrepare_TEST_START

INSERT_TEST
SELECT * FROM pre_enc_bytea
Result set:
0	000102030405060708090a0b0c0d0e0f1011121	000102030405060708090a0b0c0d0e0f1011121
1	000102030405060708090a0b0c0d0e0f1011121	000102030405060708090a0b0c0d0e0f1011121
2	000102030405060708090a0b0c0d0e0f1011121	000102030405060708090a0b0c0d0e0f1011121

SELECT (c1=c11)::text FROM pre_enc_bytea
Result set:
true
true
true

UPDATE_TEST

SELECT * FROM pre_enc_bytea
Result set:
0	000102030405060708090a0b0c0d0e0f1011121	000102030405060708090a0b0c0d0e0f1011121
1	000102030405060708090a0b0c0d0e0f1011121	000102030405060708090a0b0c0d0e0f1011121
2	000102030405060708090a0b0c0d0e0f1011121	000102030405060708090a0b0c0d0e0f1011121

SELECT id, (c1=c11)::text FROM pre_enc_bytea
Result set:
0	true
1	true
2	true

DELETE_TEST

SELECT * FROM pre_enc_bytea
Result set:
0	000102030405060708090a0b0c0d0e0f1011121	000102030405060708090a0b0c0d0e0f1011121
1	000102030405060708090a0b0c0d0e0f1011121	000102030405060708090a0b0c0d0e0f1011121

SELECT (c1=c11)::text FROM pre_enc_bytea
Result set:
true
true

SELECT_TEST
SELECT c1=c11 FROM pre_enc_bytea WHERE c1
Result set:
true
true

SELECT * FROM pre_enc_bytea WHERE c1
Result set:
0	000102030405060708090a0b0c0d0e0f1011121	000102030405060708090a0b0c0d0e0f1011121
1	000102030405060708090a0b0c0d0e0f1011121	000102030405060708090a0b0c0d0e0f1011121

SELECT * FROM pre_enc_bytea
Result set:
0	000102030405060708090a0b0c0d0e0f1011121	000102030405060708090a0b0c0d0e0f1011121
1	000102030405060708090a0b0c0d0e0f1011121	000102030405060708090a0b0c0d0e0f1011121

SELECT (c1=c11)::text,c1=c11 FROM pre_enc_bytea
Result set:
true	1
true	1

SELECT * FROM pre_bytea_tbl UNION ALL SELECT id,c1 FROM pre_enc_bytea
Result set:
0	000102030405060708090a0b0c0d0e0f1011121
1	000102030405060708090a0b0c0d0e0f1011121
0	000102030405060708090a0b0c0d0e0f1011121
1	000102030405060708090a0b0c0d0e0f1011121

SELECT (e.c1=t.c1)::text FROM pre_enc_bytea e NATURAL JOIN pre_bytea_tbl t
Result set:
true
true

PREPARE_TEST_COMPLETE

----------------------------------------
SQLDirect_TEST_START

INSERT_TEST
SELECT * FROM dir_enc_bytea
Result set:
0	000102030405060708090a0b0c0d0e0f1011121	000102030405060708090a0b0c0d0e0f1011121
1	000102030405060708090a0b0c0d0e0f1011121	000102030405060708090a0b0c0d0e0f1011121

SELECT (c1=c11)::text FROM dir_enc_bytea
Result set:
true
true

UPDATE_TEST
SELECT * FROM dir_enc_bytea
Result set:
0	000102030405060708090a0b0c0d0e0f1011121	000102030405060708090a0b0c0d0e0f1011121
1	313131313131313131313131313131313131313	313131313131313131313131313131313131313

SELECT (c1=c11)::text FROM dir_enc_bytea
Result set:
true
true

DELETE_TEST
SELECT * FROM dir_enc_bytea
Result set:
0	000102030405060708090a0b0c0d0e0f1011121	000102030405060708090a0b0c0d0e0f1011121

SELECT * FROM dir_enc_bytea
Result set:
0	000102030405060708090a0b0c0d0e0f1011121	000102030405060708090a0b0c0d0e0f1011121

SELECT (c1=c11)::text FROM dir_enc_bytea
Result set:
true

SELECT_TEST
SELECT * FROM dir_enc_bytea where id=0
Result set:
0	000102030405060708090a0b0c0d0e0f1011121	000102030405060708090a0b0c0d0e0f1011121

SELECT * FROM pre_enc_bytea
Result set:
0	000102030405060708090a0b0c0d0e0f1011121	000102030405060708090a0b0c0d0e0f1011121
1	000102030405060708090a0b0c0d0e0f1011121	000102030405060708090a0b0c0d0e0f1011121

SELECT * FROM dir_enc_bytea
Result set:
0	000102030405060708090a0b0c0d0e0f1011121	000102030405060708090a0b0c0d0e0f1011121

SELECT (c1=c11)::text FROM dir_enc_bytea
Result set:
true

SELECT * FROM dir_bytea_tbl UNION ALL SELECT id,c1 FROM dir_enc_bytea
Result set:
0	000102030405060708090a0b0c0d0e0f1011121
0	000102030405060708090a0b0c0d0e0f1011121

SELECT (e.c1=t.c1)::text FROM dir_enc_bytea e NATURAL JOIN dir_bytea_tbl t
Result set:
true

DIRECTE_TEST_COMPLETE
----------------------------------------
disconnecting
